// Vitest Snapshot v1, https://vitest.dev/guide/snapshot.html

exports[`App component > renders a Vue component 1`] = `
"<nav class=\\"bg-white border-gray-200 px-2 sm:px-4 py-2.5 dark:bg-zinc-900\\" id=\\"navbar\\">
  <div class=\\"container mx-auto flex flex-wrap items-center mx-auto gap-2 sm:gap-4\\">
    <router-link to=\\"[object Object]\\" class=\\"flex items-center flex-1\\">
      <mobilizon-logo-stub invert=\\"false\\" class=\\"w-40\\"></mobilizon-logo-stub>
    </router-link>
    <!--v-if--><button type=\\"button\\" class=\\"inline-flex items-center p-2 ml-1 text-sm text-zinc-500 rounded-lg md:hidden hover:bg-zinc-100 focus:outline-none focus:ring-2 focus:ring-gray-200 dark:text-zinc-400 dark:hover:bg-zinc-700 dark:focus:ring-gray-600\\" aria-controls=\\"mobile-menu-2\\" aria-expanded=\\"false\\"><span class=\\"sr-only\\">Open main menu</span><svg class=\\"w-6 h-6\\" aria-hidden=\\"true\\" fill=\\"currentColor\\" viewBox=\\"0 0 20 20\\" xmlns=\\"http://www.w3.org/2000/svg\\">
        <path fill-rule=\\"evenodd\\" d=\\"M3 5a1 1 0 011-1h12a1 1 0 110 2H4a1 1 0 01-1-1zM3 10a1 1 0 011-1h12a1 1 0 110 2H4a1 1 0 01-1-1zM3 15a1 1 0 011-1h12a1 1 0 110 2H4a1 1 0 01-1-1z\\" clip-rule=\\"evenodd\\"></path>
      </svg></button>
    <div class=\\"justify-between items-center w-full md:flex md:w-auto md:order-1 hidden\\" id=\\"mobile-menu-2\\">
      <ul class=\\"flex flex-col md:flex-row md:space-x-8 mt-2 md:mt-0 md:font-lightbold\\">
        <!--v-if-->
        <!--v-if-->
        <li>
          <router-link to=\\"[object Object]\\" class=\\"block py-2 pr-4 pl-3 text-zinc-700 border-b border-gray-100 hover:bg-zinc-50 md:hover:bg-transparent md:border-0 md:hover:text-mbz-purple-700 md:p-0 dark:text-zinc-400 md:dark:hover:text-white dark:hover:bg-zinc-700 dark:hover:text-white md:dark:hover:bg-transparent dark:border-gray-700\\">Login</router-link>
        </li>
        <!--v-if-->
      </ul>
    </div>
  </div>
</nav>"
`;
