// Vitest Snapshot v1

exports[`ReportModal > renders report modal with basic informations and submits it 1`] = `
"<div class=\\"p-2\\" data-v-e0cceef3=\\"\\">
  <!--v-if-->
  <section data-v-e0cceef3=\\"\\">
    <div class=\\"flex gap-1 flex-row mb-3\\" data-v-e0cceef3=\\"\\"><span class=\\"o-icon o-icon--warning hidden md:block flex-1\\" data-v-e0cceef3=\\"\\"><i class=\\"mdi mdi-alert 48\\"></i></span>
      <p data-v-e0cceef3=\\"\\">The report will be sent to the moderators of your instance. You can explain why you report this content below.</p>
    </div>
    <div class=\\"\\" data-v-e0cceef3=\\"\\">
      <!--v-if-->
      <div class=\\"o-field o-field--filled\\" data-v-e0cceef3=\\"\\"><label for=\\"additional-comments\\" class=\\"o-field__label\\">Additional comments</label>
        <div class=\\"o-ctrl-input\\" data-v-e0cceef3=\\"\\"><textarea id=\\"additional-comments\\" class=\\"o-input o-input__textarea\\"></textarea>
          <!--v-if-->
          <!--v-if-->
          <!--v-if-->
        </div>
        <!--v-if-->
      </div>
      <!--v-if-->
    </div>
  </section>
  <footer class=\\"flex gap-2 py-3\\" data-v-e0cceef3=\\"\\"><button type=\\"button\\" class=\\"o-btn o-btn--outlined\\" data-v-e0cceef3=\\"\\"><span class=\\"o-btn__wrapper\\"><!--v-if--><span class=\\"o-btn__label\\">Cancel</span>
      <!--v-if--></span>
    </button><button type=\\"button\\" class=\\"o-btn o-btn--primary\\" data-v-e0cceef3=\\"\\"><span class=\\"o-btn__wrapper\\"><!--v-if--><span class=\\"o-btn__label\\">Send the report</span>
      <!--v-if--></span>
    </button></footer>
</div>"
`;
